[    0.000000] Linux version 4.15.0-128-generic (buildd@lcy01-amd64-025) (gcc version 7.5.0 (Ubuntu 7.5.0-3ubuntu1~18.04)) #131-Ubuntu SMP Wed Dec 9 06:57:35 UTC 2020 (Ubuntu 4.15.0-128.131-generic 4.15.18)
[    0.000000] Command line: BOOT_IMAGE=/boot/vmlinuz-4.15.0-128-generic root=UUID=14169865-3153-4713-8df9-211727602ff8 ro console=tty1 console=ttyS0
[    0.000000] KERNEL supported cpus:
[    0.000000]   Intel GenuineIntel
[    0.000000]   AMD AuthenticAMD
[    0.000000]   Centaur CentaurHauls
[    0.000000] x86/fpu: Supporting XSAVE feature 0x001: 'x87 floating point registers'
[    0.000000] x86/fpu: Supporting XSAVE feature 0x002: 'SSE registers'
[    0.000000] x86/fpu: Supporting XSAVE feature 0x004: 'AVX registers'
[    0.000000] x86/fpu: xstate_offset[2]:  576, xstate_sizes[2]:  256
[    0.000000] x86/fpu: Enabled xstate features 0x7, context size is 832 bytes, using 'standard' format.
[    0.000000] e820: BIOS-provided physical RAM map:
[    0.000000] BIOS-e820: [mem 0x0000000000000000-0x000000000009fbff] usable
[    0.000000] BIOS-e820: [mem 0x000000000009fc00-0x000000000009ffff] reserved
[    0.000000] BIOS-e820: [mem 0x00000000000f0000-0x00000000000fffff] reserved
[    0.000000] BIOS-e820: [mem 0x0000000000100000-0x000000001ffeffff] usable
[    0.000000] BIOS-e820: [mem 0x000000001fff0000-0x000000001fffffff] ACPI data
[    0.000000] BIOS-e820: [mem 0x00000000fec00000-0x00000000fec00fff] reserved
[    0.000000] BIOS-e820: [mem 0x00000000fee00000-0x00000000fee00fff] reserved
[    0.000000] BIOS-e820: [mem 0x00000000fffc0000-0x00000000ffffffff] reserved
[    0.000000] NX (Execute Disable) protection: active
[    0.000000] SMBIOS 2.5 present.
[    0.000000] DMI: innotek GmbH VirtualBox/VirtualBox, BIOS VirtualBox 12/01/2006
[    0.000000] Hypervisor detected: KVM
[    0.000000] e820: last_pfn = 0x1fff0 max_arch_pfn = 0x400000000
[    0.000000] MTRR: Disabled
[    0.000000] x86/PAT: MTRRs disabled, skipping PAT initialization too.
[    0.000000] CPU MTRRs all blank - virtualized system.
[    0.000000] x86/PAT: Configuration [0-7]: WB  WT  UC- UC  WB  WT  UC- UC  
[    0.000000] found SMP MP-table at [mem 0x0009fff0-0x0009ffff]
[    0.000000] Scanning 1 areas for low memory corruption
[    0.000000] RAMDISK: [mem 0x1daaf000-0x1edf8fff]
[    0.000000] ACPI: Early table checksum verification disabled
[    0.000000] ACPI: RSDP 0x00000000000E0000 000024 (v02 VBOX  )
[    0.000000] ACPI: XSDT 0x000000001FFF0030 00003C (v01 VBOX   VBOXXSDT 00000001 ASL  00000061)
[    0.000000] ACPI: FACP 0x000000001FFF00F0 0000F4 (v04 VBOX   VBOXFACP 00000001 ASL  00000061)
[    0.000000] ACPI: DSDT 0x000000001FFF0470 0022EA (v02 VBOX   VBOXBIOS 00000002 INTL 20100528)
[    0.000000] ACPI: FACS 0x000000001FFF0200 000040
[    0.000000] ACPI: FACS 0x000000001FFF0200 000040
[    0.000000] ACPI: APIC 0x000000001FFF0240 000054 (v02 VBOX   VBOXAPIC 00000001 ASL  00000061)
[    0.000000] ACPI: SSDT 0x000000001FFF02A0 0001CC (v01 VBOX   VBOXCPUT 00000002 INTL 20100528)
[    0.000000] No NUMA configuration found
[    0.000000] Faking a node at [mem 0x0000000000000000-0x000000001ffeffff]
[    0.000000] NODE_DATA(0) allocated [mem 0x1ffc5000-0x1ffeffff]
[    0.000000] kvm-clock: cpu 0, msr 0:1ff44001, primary cpu clock
[    0.000000] kvm-clock: Using msrs 4b564d01 and 4b564d00
[    0.000000] kvm-clock: using sched offset of 6523528188 cycles
[    0.000000] clocksource: kvm-clock: mask: 0xffffffffffffffff max_cycles: 0x1cd42e4dffb, max_idle_ns: 881590591483 ns
[    0.000000] Zone ranges:
[    0.000000]   DMA      [mem 0x0000000000001000-0x0000000000ffffff]
[    0.000000]   DMA32    [mem 0x0000000001000000-0x000000001ffeffff]
[    0.000000]   Normal   empty
[    0.000000]   Device   empty
[    0.000000] Movable zone start for each node
[    0.000000] Early memory node ranges
[    0.000000]   node   0: [mem 0x0000000000001000-0x000000000009efff]
[    0.000000]   node   0: [mem 0x0000000000100000-0x000000001ffeffff]
[    0.000000] Reserved but unavailable: 98 pages
[    0.000000] Initmem setup node 0 [mem 0x0000000000001000-0x000000001ffeffff]
[    0.000000] ACPI: PM-Timer IO Port: 0x4008
[    0.000000] IOAPIC[0]: apic_id 1, version 32, address 0xfec00000, GSI 0-23
[    0.000000] ACPI: INT_SRC_OVR (bus 0 bus_irq 0 global_irq 2 dfl dfl)
[    0.000000] ACPI: INT_SRC_OVR (bus 0 bus_irq 9 global_irq 9 low level)
[    0.000000] Using ACPI (MADT) for SMP configuration information
[    0.000000] smpboot: Allowing 1 CPUs, 0 hotplug CPUs
[    0.000000] PM: Registered nosave memory: [mem 0x00000000-0x00000fff]
[    0.000000] PM: Registered nosave memory: [mem 0x0009f000-0x0009ffff]
[    0.000000] PM: Registered nosave memory: [mem 0x000a0000-0x000effff]
[    0.000000] PM: Registered nosave memory: [mem 0x000f0000-0x000fffff]
[    0.000000] e820: [mem 0x20000000-0xfebfffff] available for PCI devices
[    0.000000] Booting paravirtualized kernel on KVM
[    0.000000] clocksource: refined-jiffies: mask: 0xffffffff max_cycles: 0xffffffff, max_idle_ns: 7645519600211568 ns
[    0.000000] random: get_random_bytes called from start_kernel+0x99/0x500 with crng_init=0
[    0.000000] setup_percpu: NR_CPUS:8192 nr_cpumask_bits:1 nr_cpu_ids:1 nr_node_ids:1
[    0.000000] percpu: Embedded 45 pages/cpu s147456 r8192 d28672 u2097152
[    0.000000] PV qspinlock hash table entries: 256 (order: 0, 4096 bytes)
[    0.000000] Built 1 zonelists, mobility grouping on.  Total pages: 128889
[    0.000000] Policy zone: DMA32
[    0.000000] Kernel command line: BOOT_IMAGE=/boot/vmlinuz-4.15.0-128-generic root=UUID=14169865-3153-4713-8df9-211727602ff8 ro console=tty1 console=ttyS0
[    0.000000] Memory: 466568K/523832K available (12300K kernel code, 2492K rwdata, 4264K rodata, 2440K init, 2724K bss, 57264K reserved, 0K cma-reserved)
[    0.000000] SLUB: HWalign=64, Order=0-3, MinObjects=0, CPUs=1, Nodes=1
[    0.000000] Kernel/User page tables isolation: enabled
[    0.000000] ftrace: allocating 39406 entries in 154 pages
[    0.004000] Hierarchical RCU implementation.
[    0.004000] 	RCU restricting CPUs from NR_CPUS=8192 to nr_cpu_ids=1.
[    0.004000] 	Tasks RCU enabled.
[    0.004000] RCU: Adjusting geometry for rcu_fanout_leaf=16, nr_cpu_ids=1
[    0.004000] NR_IRQS: 524544, nr_irqs: 256, preallocated irqs: 16
[    0.004000] Console: colour VGA+ 80x25
[    0.004000] console [tty1] enabled
[    0.004000] console [ttyS0] enabled
[    0.004000] ACPI: Core revision 20170831
[    0.004000] ACPI: 2 ACPI AML tables successfully acquired and loaded
[    0.004000] APIC: Switch to symmetric I/O mode setup
[    0.004000] x2apic enabled
[    0.004013] Switched APIC routing to physical x2apic.
[    0.012000] ..TIMER: vector=0x30 apic1=0 pin1=2 apic2=-1 pin2=-1
[    0.012006] tsc: Detected 1995.381 MHz processor
[    0.016017] Calibrating delay loop (skipped) preset value.. 3990.76 BogoMIPS (lpj=7981524)
[    0.020005] pid_max: default: 32768 minimum: 301
[    0.024102] Security Framework initialized
[    0.026199] Yama: becoming mindful.
[    0.028051] AppArmor: AppArmor initialized
[    0.030477] Dentry cache hash table entries: 65536 (order: 7, 524288 bytes)
[    0.040027] Inode-cache hash table entries: 32768 (order: 6, 262144 bytes)
[    0.044040] Mount-cache hash table entries: 1024 (order: 1, 8192 bytes)
[    0.047245] Mountpoint-cache hash table entries: 1024 (order: 1, 8192 bytes)
[    0.048850] process: using mwait in idle threads
[    0.052017] Last level iTLB entries: 4KB 64, 2MB 8, 4MB 8
[    0.056005] Last level dTLB entries: 4KB 64, 2MB 0, 4MB 0, 1GB 4
[    0.058817] Spectre V1 : Mitigation: usercopy/swapgs barriers and __user pointer sanitization
[    0.060007] Spectre V2 : Mitigation: Full generic retpoline
[    0.064004] Spectre V2 : Spectre v2 / SpectreRSB mitigation: Filling RSB on context switch
[    0.068004] Speculative Store Bypass: Vulnerable
[    0.072089] SRBDS: Unknown: Dependent on hypervisor status
[    0.074804] MDS: Mitigation: Clear CPU buffers
[    0.098705] Freeing SMP alternatives memory: 36K
[    0.213691] smpboot: CPU0: Intel(R) Core(TM) i3-5005U CPU @ 2.00GHz (family: 0x6, model: 0x3d, stepping: 0x4)
[    0.216254] Performance Events: unsupported p6 CPU model 61 no PMU driver, software events only.
[    0.220112] Hierarchical SRCU implementation.
[    0.228241] NMI watchdog: Perf event create on CPU 0 failed with -2
[    0.232012] NMI watchdog: Perf NMI watchdog permanently disabled
[    0.236116] smp: Bringing up secondary CPUs ...
[    0.238411] smp: Brought up 1 node, 1 CPU
[    0.240005] smpboot: Max logical packages: 1
[    0.242250] smpboot: Total of 1 processors activated (3990.76 BogoMIPS)
[    0.244235] devtmpfs: initialized
[    0.248170] x86/mm: Memory block size: 128MB
[    0.250809] evm: security.selinux
[    0.252007] evm: security.SMACK64
[    0.253774] evm: security.SMACK64EXEC
[    0.256005] evm: security.SMACK64TRANSMUTE
[    0.258198] evm: security.SMACK64MMAP
[    0.260005] evm: security.apparmor
[    0.261776] evm: security.ima
[    0.264004] evm: security.capability
[    0.266239] clocksource: jiffies: mask: 0xffffffff max_cycles: 0xffffffff, max_idle_ns: 7645041785100000 ns
[    0.268024] futex hash table entries: 256 (order: 2, 16384 bytes)
[    0.272090] pinctrl core: initialized pinctrl subsystem
[    0.276292] RTC time: 14:25:32, date: 01/10/21
[    0.278811] NET: Registered protocol family 16
[    0.280340] audit: initializing netlink subsys (disabled)
[    0.284374] cpuidle: using governor ladder
[    0.286467] cpuidle: using governor menu
[    0.288014] audit: type=2000 audit(1610288739.754:1): state=initialized audit_enabled=0 res=1
[    0.292184] ACPI: bus type PCI registered
[    0.294235] acpiphp: ACPI Hot Plug PCI Controller Driver version: 0.5
[    0.300092] PCI: Using configuration type 1 for base access
[    0.307581] HugeTLB registered 2.00 MiB page size, pre-allocated 0 pages
[    0.308505] ACPI: Added _OSI(Module Device)
[    0.312013] ACPI: Added _OSI(Processor Device)
[    0.314181] ACPI: Added _OSI(3.0 _SCP Extensions)
[    0.316005] ACPI: Added _OSI(Processor Aggregator Device)
[    0.318596] ACPI: Added _OSI(Linux-Dell-Video)
[    0.320006] ACPI: Added _OSI(Linux-Lenovo-NV-HDMI-Audio)
[    0.324006] ACPI: Added _OSI(Linux-HPI-Hybrid-Graphics)
[    0.328717] ACPI: Executed 1 blocks of module-level executable AML code
[    0.351470] ACPI: Interpreter enabled
[    0.352044] ACPI: (supports S0 S5)
[    0.353870] ACPI: Using IOAPIC for interrupt routing
[    0.357339] PCI: Using host bridge windows from ACPI; if necessary, use "pci=nocrs" and report a bug
[    0.360642] ACPI: Enabled 2 GPEs in block 00 to 07
[    0.395539] ACPI: PCI Root Bridge [PCI0] (domain 0000 [bus 00-ff])
[    0.396015] acpi PNP0A03:00: _OSC: OS supports [ASPM ClockPM Segments MSI]
[    0.404456] acpi PNP0A03:00: _OSC: not requesting OS control; OS requires [ExtendedConfig ASPM ClockPM MSI]
[    0.408000] acpi PNP0A03:00: fail to add MMCONFIG information, can't access extended PCI configuration space under this bridge.
[    0.412140] PCI host bridge to bus 0000:00
[    0.414231] pci_bus 0000:00: root bus resource [io  0x0000-0x0cf7 window]
[    0.416007] pci_bus 0000:00: root bus resource [io  0x0d00-0xffff window]
[    0.419432] pci_bus 0000:00: root bus resource [mem 0x000a0000-0x000bffff window]
[    0.420010] pci_bus 0000:00: root bus resource [mem 0x20000000-0xfdffffff window]
[    0.423704] pci_bus 0000:00: root bus resource [bus 00-ff]
[    0.431808] pci 0000:00:01.1: legacy IDE quirk: reg 0x10: [io  0x01f0-0x01f7]
[    0.432007] pci 0000:00:01.1: legacy IDE quirk: reg 0x14: [io  0x03f6]
[    0.436007] pci 0000:00:01.1: legacy IDE quirk: reg 0x18: [io  0x0170-0x0177]
[    0.440009] pci 0000:00:01.1: legacy IDE quirk: reg 0x1c: [io  0x0376]
[    0.465782] pci 0000:00:07.0: quirk: [io  0x4000-0x403f] claimed by PIIX4 ACPI
[    0.468057] pci 0000:00:07.0: quirk: [io  0x4100-0x410f] claimed by PIIX4 SMB
[    0.484998] ACPI: PCI Interrupt Link [LNKA] (IRQs 5 9 10 *11)
[    0.488948] ACPI: PCI Interrupt Link [LNKB] (IRQs 5 9 *10 11)
[    0.492431] ACPI: PCI Interrupt Link [LNKC] (IRQs 5 *9 10 11)
[    0.496408] ACPI: PCI Interrupt Link [LNKD] (IRQs 5 9 10 *11)
[    0.500183] SCSI subsystem initialized
[    0.502181] pci 0000:00:02.0: vgaarb: setting as boot VGA device
[    0.504000] pci 0000:00:02.0: vgaarb: VGA device added: decodes=io+mem,owns=io+mem,locks=none
[    0.504011] pci 0000:00:02.0: vgaarb: bridge control possible
[    0.506645] vgaarb: loaded
[    0.508074] ACPI: bus type USB registered
[    0.510141] usbcore: registered new interface driver usbfs
[    0.512028] usbcore: registered new interface driver hub
[    0.516033] usbcore: registered new device driver usb
[    0.518888] EDAC MC: Ver: 3.0.0
[    0.520687] PCI: Using ACPI for IRQ routing
[    0.524634] NetLabel: Initializing
[    0.526422] NetLabel:  domain hash size = 128
[    0.528004] NetLabel:  protocols = UNLABELED CIPSOv4 CALIPSO
[    0.530797] NetLabel:  unlabeled traffic allowed by default
[    0.532304] clocksource: Switched to clocksource kvm-clock
[    0.642115] VFS: Disk quotas dquot_6.6.0
[    0.644237] VFS: Dquot-cache hash table entries: 512 (order 0, 4096 bytes)
[    0.647806] AppArmor: AppArmor Filesystem Enabled
[    0.650225] pnp: PnP ACPI init
[    0.656066] pnp: PnP ACPI: found 3 devices
[    0.666646] clocksource: acpi_pm: mask: 0xffffff max_cycles: 0xffffff, max_idle_ns: 2085701024 ns
[    0.671007] NET: Registered protocol family 2
[    0.673749] TCP established hash table entries: 4096 (order: 3, 32768 bytes)
[    0.677085] TCP bind hash table entries: 4096 (order: 4, 65536 bytes)
[    0.680203] TCP: Hash tables configured (established 4096 bind 4096)
[    0.683376] UDP hash table entries: 256 (order: 1, 8192 bytes)
[    0.686184] UDP-Lite hash table entries: 256 (order: 1, 8192 bytes)
[    0.689320] NET: Registered protocol family 1
[    0.691509] pci 0000:00:00.0: Limiting direct PCI/PCI transfers
[    0.694442] pci 0000:00:01.0: Activating ISA DMA hang workarounds
[    0.697522] pci 0000:00:02.0: Video device with shadowed ROM at [mem 0x000c0000-0x000dffff]
[    0.701923] Unpacking initramfs...
[    2.152983] Freeing initrd memory: 19752K
[    2.155276] clocksource: tsc: mask: 0xffffffffffffffff max_cycles: 0x398645f40a8, max_idle_ns: 881590586805 ns
[    2.160230] platform rtc_cmos: registered platform RTC device (no PNP device found)
[    2.164069] Scanning for low memory corruption every 60 seconds
[    2.168246] Initialise system trusted keyrings
[    2.170452] Key type blacklist registered
[    2.172549] workingset: timestamp_bits=36 max_order=17 bucket_order=0
[    2.180388] zbud: loaded
[    2.183243] squashfs: version 4.0 (2009/01/31) Phillip Lougher
[    2.186579] fuse init (API version 7.26)
[    2.191405] Key type asymmetric registered
[    2.193492] Asymmetric key parser 'x509' registered
[    2.196050] Block layer SCSI generic (bsg) driver version 0.4 loaded (major 246)
[    2.199849] io scheduler noop registered
[    2.201874] io scheduler deadline registered
[    2.204157] io scheduler cfq registered (default)
[    2.207146] ACPI: AC Adapter [AC] (off-line)
[    2.209436] input: Power Button as /devices/LNXSYSTM:00/LNXPWRBN:00/input/input0
[    2.213173] ACPI: Power Button [PWRF]
[    2.215313] input: Sleep Button as /devices/LNXSYSTM:00/LNXSLPBN:00/input/input1
[    2.219087] ACPI: Sleep Button [SLPF]
[    2.224308] Serial: 8250/16550 driver, 32 ports, IRQ sharing enabled
[    2.250021] ACPI: Battery Slot [BAT0] (battery present)
[    2.252887] 00:02: ttyS0 at I/O 0x3f8 (irq = 4, base_baud = 115200) is a 16550A
[    2.261993] Linux agpgart interface v0.103
[    2.267715] loop: module loaded
[    2.270864] scsi host0: ata_piix
[    2.272765] scsi host1: ata_piix
[    2.274602] ata1: PATA max UDMA/33 cmd 0x1f0 ctl 0x3f6 bmdma 0xd000 irq 14
[    2.277783] ata2: PATA max UDMA/33 cmd 0x170 ctl 0x376 bmdma 0xd008 irq 15
[    2.282699] libphy: Fixed MDIO Bus: probed
[    2.284840] tun: Universal TUN/TAP device driver, 1.6
[    2.288170] PPP generic driver version 2.4.2
[    2.290733] ehci_hcd: USB 2.0 'Enhanced' Host Controller (EHCI) Driver
[    2.293798] ehci-pci: EHCI PCI platform driver
[    2.296305] ehci-platform: EHCI generic platform driver
[    2.298860] ohci_hcd: USB 1.1 'Open' Host Controller (OHCI) Driver
[    2.301914] ohci-pci: OHCI PCI platform driver
[    2.304266] ohci-platform: OHCI generic platform driver
[    2.306908] uhci_hcd: USB Universal Host Controller Interface driver
[    2.310300] i8042: PNP: PS/2 Controller [PNP0303:PS2K,PNP0f03:PS2M] at 0x60,0x64 irq 1,12
[    2.315382] serio: i8042 KBD port at 0x60,0x64 irq 1
[    2.317894] serio: i8042 AUX port at 0x60,0x64 irq 12
[    2.320755] mousedev: PS/2 mouse device common for all mice
[    2.324162] input: AT Translated Set 2 keyboard as /devices/platform/i8042/serio0/input/input2
[    2.329102] rtc_cmos rtc_cmos: rtc core: registered rtc_cmos as rtc0
[    2.332524] rtc_cmos rtc_cmos: alarms up to one day, 114 bytes nvram
[    2.335526] i2c /dev entries driver
[    2.337470] device-mapper: uevent: version 1.0.3
[    2.340065] device-mapper: ioctl: 4.37.0-ioctl (2017-09-20) initialised: dm-devel@redhat.com
[    2.344160] ledtrig-cpu: registered to indicate activity on CPUs
[    2.347878] NET: Registered protocol family 10
[    2.359391] Segment Routing with IPv6
[    2.361487] NET: Registered protocol family 17
[    2.363819] Key type dns_resolver registered
[    2.367157] mce: Using 0 MCE banks
[    2.369632] RAS: Correctable Errors collector initialized.
[    2.373296] sched_clock: Marking stable (2373257645, 0)->(2911168902, -537911257)
[    2.378525] registered taskstats version 1
[    2.381393] Loading compiled-in X.509 certificates
[    2.390915] Loaded X.509 cert 'Build time autogenerated kernel key: a4ed3776674b1fc76878248053bb1a15dcee1c82'
[    2.397576] zswap: loaded using pool lzo/zbud
[    2.409431] Key type big_key registered
[    2.412209] Key type trusted registered
[    2.421458] Key type encrypted registered
[    2.424577] AppArmor: AppArmor sha1 policy hashing enabled
[    2.427594] ima: No TPM chip found, activating TPM-bypass! (rc=-19)
[    2.431875] ima: Allocated hash algorithm: sha1
[    2.435088] evm: HMAC attrs: 0x1
[    2.437875]   Magic number: 5:578:434
[    2.440646] rtc_cmos rtc_cmos: setting system clock to 2021-01-10 14:25:34 UTC (1610288734)
[    2.446711] BIOS EDD facility v0.16 2004-Jun-25, 0 devices found
[    2.450767] EDD information not available.
[    2.473683] Freeing unused kernel image memory: 2440K
[    2.484117] Write protecting the kernel read-only data: 20480k
[    2.489071] Freeing unused kernel image memory: 2008K
[    2.492822] Freeing unused kernel image memory: 1880K
[    2.550667] x86/mm: Checked W+X mappings: passed, no W+X pages found.
[    2.553726] x86/mm: Checking user space page tables
[    2.608928] x86/mm: Checked W+X mappings: passed, no W+X pages found.
Loading, please wait...
starting version 237
[    2.919237] Fusion MPT base driver 3.04.20
[    2.921348] Copyright (c) 1999-2008 LSI Corporation
[    2.940027] e1000: Intel(R) PRO/1000 Network Driver - version 7.3.21-k8-NAPI
[    2.943394] e1000: Copyright (c) 1999-2006 Intel Corporation.
[    2.995249] Fusion MPT SPI Host driver 3.04.20
[    3.090905] AVX2 version of gcm_enc/dec engaged.
[    3.093402] AES CTR mode by8 optimization enabled
[    3.169799] input: ImExPS/2 Generic Explorer Mouse as /devices/platform/i8042/serio1/input/input4
[    3.647927] e1000 0000:00:03.0 eth0: (PCI:33MHz:32-bit) 02:7d:29:b6:4b:3c
[    3.651108] e1000 0000:00:03.0 eth0: Intel(R) PRO/1000 Network Connection
[    3.659762] e1000 0000:00:03.0 enp0s3: renamed from eth0
[    3.665699] mptbase: ioc0: Initiating bringup
[    3.761934] ioc0: LSI53C1030 A0: Capabilities={Initiator}
[    4.015594] scsi host2: ioc0: LSI53C1030 A0, FwRev=00000000h, Ports=1, MaxQ=256, IRQ=20
[    4.193668] scsi 2:0:0:0: Direct-Access     VBOX     HARDDISK         1.0  PQ: 0 ANSI: 5
[    4.205249] scsi target2:0:0: Beginning Domain Validation
[    4.216310] random: fast init done
[    4.225520] scsi target2:0:0: Domain Validation skipping write tests
[    4.233319] scsi target2:0:0: Ending Domain Validation
[    4.240237] scsi target2:0:0: asynchronous
[    4.248970] scsi 2:0:1:0: Direct-Access     VBOX     HARDDISK         1.0  PQ: 0 ANSI: 5
[    4.256530] scsi target2:0:1: Beginning Domain Validation
[    4.264350] scsi target2:0:1: Domain Validation skipping write tests
[    4.269227] scsi target2:0:1: Ending Domain Validation
[    4.273415] scsi target2:0:1: asynchronous
[    4.290620] random: systemd-udevd: uninitialized urandom read (16 bytes read)
[    4.297725] sd 2:0:0:0: [sda] 20971520 512-byte logical blocks: (10.7 GB/10.0 GiB)
[    4.303542] sd 2:0:0:0: Attached scsi generic sg0 type 0
[    4.307644] random: systemd-udevd: uninitialized urandom read (16 bytes read)
[    4.312991] sd 2:0:0:0: [sda] Write Protect is off
[    4.316269] sd 2:0:1:0: Attached scsi generic sg1 type 0
[    4.318885] sd 2:0:1:0: [sdb] 20480 512-byte logical blocks: (10.5 MB/10.0 MiB)
[    4.322652] random: systemd-udevd: uninitialized urandom read (16 bytes read)
[    4.326292] sd 2:0:0:0: [sda] Incomplete mode parameter data
[    4.329131] sd 2:0:0:0: [sda] Assuming drive cache: write through
[    4.332093] sd 2:0:1:0: [sdb] Write Protect is off
[    4.334927] sd 2:0:1:0: [sdb] Incomplete mode parameter data
[    4.337757] sd 2:0:1:0: [sdb] Assuming drive cache: write through
[    4.373200]  sda: sda1
[    4.376188] sd 2:0:0:0: [sda] Attached SCSI disk
[    4.398213] sd 2:0:1:0: [sdb] Attached SCSI disk
Begin: Loading essential drivers ... [    7.116558] raid6: sse2x1   gen()  1578 MB/s
[    7.164368] raid6: sse2x1   xor()  1069 MB/s
[    7.212207] raid6: sse2x2   gen()  3798 MB/s
[    7.260059] raid6: sse2x2   xor()  1747 MB/s
[    7.308084] raid6: sse2x4   gen()  4202 MB/s
[    7.356065] raid6: sse2x4   xor()  2450 MB/s
[    7.404520] raid6: avx2x1   gen()  3294 MB/s
[    7.452369] raid6: avx2x1   xor()  1836 MB/s
[    7.500200] raid6: avx2x2   gen()  6363 MB/s
[    7.548057] raid6: avx2x2   xor()  3485 MB/s
[    7.596074] raid6: avx2x4   gen()  8531 MB/s
[    7.644073] raid6: avx2x4   xor()  4961 MB/s
[    7.646155] raid6: using algorithm avx2x4 gen() 8531 MB/s
[    7.649148] raid6: .... xor() 4961 MB/s, rmw enabled
[    7.651420] raid6: using avx2x2 recovery algorithm
[    7.657729] xor: automatically using best checksumming function   avx       
[    7.665079] async_tx: api initialized (async)
done.
Begin: Running /scripts/init-premount ... done.
Begin: Mounting root file system ... Begin: Running /scripts/local-top ... done.
Begin: Running /scripts/local-premount ... [    7.832205] Btrfs loaded, crc32c=crc32c-intel
Scanning for Btrfs filesystems
done.
Warning: fsck not present, so skipping root file system
[    8.029375] EXT4-fs (sda1): mounted filesystem with ordered data mode. Opts: (null)
done.
Begin: Running /scripts/local-bottom ... done.
Begin: Running /scripts/init-bottom ... done.
[    9.643999] ip_tables: (C) 2000-2006 Netfilter Core Team
[    9.762136] random: crng init done
[    9.766563] random: 7 urandom warning(s) missed due to ratelimiting
[    9.826112] systemd[1]: systemd 237 running in system mode. (+PAM +AUDIT +SELINUX +IMA +APPARMOR +SMACK +SYSVINIT +UTMP +LIBCRYPTSETUP +GCRYPT +GNUTLS +ACL +XZ +LZ4 +SECCOMP +BLKID +ELFUTILS +KMOD -IDN2 +IDN -PCRE2 default-hierarchy=hybrid)
[    9.857976] systemd[1]: Detected virtualization oracle.
[    9.864524] systemd[1]: Detected architecture x86-64.

Welcome to [1mUbuntu 18.04.5 LTS[0m!

[    9.969594] systemd[1]: Set hostname to <ubuntu-bionic>.
[   12.967934] systemd[1]: Reached target User and Group Name Lookups.
[[0;32m  OK  [0m] Reached target User and Group Name Lookups.
[   12.981330] systemd[1]: Started Forward Password Requests to Wall Directory Watch.
[[0;32m  OK  [0m] Started Forward Password Requests to Wall Directory Watch.
[   12.997574] systemd[1]: Set up automount Arbitrary Executable File Formats File System Automount Point.
[[0;32m  OK  [0m] Set up automount Arbitrary Executabâ€¦rmats File System Automount Point.
[   13.014641] systemd[1]: Reached target System Time Synchronized.
[[0;32m  OK  [0m] Reached target System Time Synchronized.
[   13.021985] systemd[1]: Reached target Swap.
[[0;32m  OK  [0m] Reached target Swap.
[   13.030254] systemd[1]: Created slice System Slice.
[[0;32m  OK  [0m] Created slice System Slice.
[[0;32m  OK  [0m] Listening on Journal Socket.
         Mounting POSIX Message Queue File System...
[[0;32m  OK  [0m] Listening on Device-mapper event daemon FIFOs.
         Starting Create list of required stâ€¦ce nodes for the current kernel...
         Starting Remount Root and Kernel File Systems...
[[0;32m  OK  [0m] Created slice system-serial\x2dgetty.slice.
         Starting Load Kernel Modules...[   13.218861] EXT4-fs (sda1): re-mounted. Opts: (null)

[[0;32m  OK  [0m] Listening on Network Service Netlink Socket.
         Starting Uncomplicated firewall...
[[0;32m  OK  [0m] Listening on LVM2 poll daemon socket.
         Mounting Huge Pages File System...
         Starting Set the console keyboard layout...
[[0;32m  OK  [0m] Listening on LVM2 metadata daemon socket.
         Starting Monitoring of LVM2 mirrorsâ€¦ng dmeventd or progress polling...
[[0;32m  OK  [0m] Listening on udev Control Socket.
[[0;32m  OK  [0m] Created slice system-postgresql.slice.
[[0;32m  OK  [0m] Listening on Journal Socket (/dev/log).
[[0;32m  OK  [0m] Listening on Syslog Socket.
[[0;32m  OK  [0m] Listening on /dev/initctl Compatibility Named Pipe.
[[0;32m  OK  [0m] Listening on Journal Audit Socket.
         Starting Journal Service...
[[0;32m  OK  [0m] Listening on udev Kernel Socket.
         Starting udev Coldplug all Devices...
         Mounting Kernel Debug File System...
[[0;32m  OK  [0m] Created slice User and Session Slice.
[[0;32m  OK  [0m] Reached target Slices.
[[0;32m  OK  [0m] Mounted POSIX Message Queue File System.
[[0;32m  OK  [0m] Started Create list of required staâ€¦vice nodes for the current kernel.
[[0;32m  OK  [0m] Started Remount Root and Kernel File Systems.
[[0;32m  OK  [0m] Started Uncomplicated firewall.
[[0;32m  OK  [0m] Mounted Huge Pages File System.
         Starting Load/Save Random Seed...
         Starting Create Static Device Nodes in /dev...
[[0;32m  OK  [0m] Mounted Kernel Debug File System.
[[0;32m  OK  [0m] Started udev Coldplug all Devices.
[   13.614848] Loading iSCSI transport class v2.0-870.
[[0;32m  OK  [0m] Started Load/Save Random Seed.
[[0;32m  OK  [0m] Started Journal Service.
         Starting Flush Journal to Persistent Storage...
[   14.199628] iscsi: registered transport (tcp)
[   14.251967] systemd-journald[408]: Received request to flush runtime journal from PID 1
[[0;32m  OK  [0m] Started LVM2 metadata daemon.
[[0;32m  OK  [0m] Started Create Static Device Nodes in /dev.
         Starting udev Kernel Device Manager...
[[0;32m  OK  [0m] Started Set the console keyboard layout.
[[0;32m  OK  [0m] Started Monitoring of LVM2 mirrors,â€¦sing dmeventd or progress polling.
[[0;32m  OK  [0m] Reached target Local File Systems (Pre).
[[0;32m  OK  [0m] Reached target Local File Systems.
         Starting ebtables ruleset management...
         Starting AppArmor initialization...
         Starting Set console font and keymap...
         Starting Tell Plymouth To Write Out Runtime Data...
[[0;32m  OK  [0m] Started Set console font and keymap.
[[0;32m  OK  [0m] Started Tell Plymouth To Write Out Runtime Data.
[   15.344826] iscsi: registered transport (iser)
[[0;32m  OK  [0m] Started Load Kernel Modules.
         Mounting Kernel Configuration File System...
         Mounting FUSE Control File System...
         Starting Apply Kernel Variables...
[[0;32m  OK  [0m] Started udev Kernel Device Manager.
[[0;32m  OK  [0m] Mounted Kernel Configuration File System.
[[0;32m  OK  [0m] Mounted FUSE Control File System.
[[0;32m  OK  [0m] Started Dispatch Password Requests to Console Directory Watch.
[[0;32m  OK  [0m] Reached target Local Encrypted Volumes.
[[0;32m  OK  [0m] Started Apply Kernel Variables.
[[0;32m  OK  [0m] Started ebtables ruleset management.
[[0;32m  OK  [0m] Started Flush Journal to Persistent Storage.
         Starting Create Volatile Files and Directories...
[[0;32m  OK  [0m] Found device /dev/ttyS0.
[[0;32m  OK  [0m] Started Create Volatile Files and Directories.
         Starting Update UTMP about System Boot/Shutdown...
[[0;32m  OK  [0m] Listening on Load/Save RF Kill Switch Status /dev/rfkill Watch.
[[0;32m  OK  [0m] Started Update UTMP about System Boot/Shutdown.
[[0;32m  OK  [0m] Started AppArmor initialization.
         Starting Load AppArmor profiles managed internally by snapd...
         Starting Initial cloud-init job (pre-networking)...
[[0;32m  OK  [0m] Started Load AppArmor profiles managed internally by snapd.
[   29.390037] cloud-init[545]: Cloud-init v. 20.3-2-g371b392c-0ubuntu1~18.04.1 running 'init-local' at Sun, 10 Jan 2021 14:26:00 +0000. Up 28.28 seconds.
[[0;32m  OK  [0m] Started Initial cloud-init job (pre-networking).
[[0;32m  OK  [0m] Reached target Network (Pre).
         Starting Network Service...
[[0;32m  OK  [0m] Started Network Service.
         Starting Wait for Network to be Configured...
         Starting Network Name Resolution...
[[0;32m  OK  [0m] Started Network Name Resolution.
[[0;32m  OK  [0m] Reached target Network.
[[0;32m  OK  [0m] Reached target Host and Network Name Lookups.
[[0;32m  OK  [0m] Started Wait for Network to be Configured.
         Starting Initial cloud-init job (metadata service crawler)...
[   34.202937] cloud-init[661]: Cloud-init v. 20.3-2-g371b392c-0ubuntu1~18.04.1 running 'init' at Sun, 10 Jan 2021 14:26:05 +0000. Up 33.41 seconds.
[   34.220877] cloud-init[661]: ci-info: ++++++++++++++++++++++++++++++++++++++Net device info++++++++++++++++++++++++++++++++++++++
[   34.232792] cloud-init[661]: ci-info: +--------+------+----------------------------+---------------+--------+-------------------+
[   34.238880] cloud-init[661]: ci-info: | Device |  Up  |          Address           |      Mask     | Scope  |     Hw-Address    |
[   34.244178] cloud-init[661]: ci-info: +--------+------+----------------------------+---------------+--------+-------------------+
[   34.249373] cloud-init[661]: ci-info: | enp0s3 | True |         10.0.2.15          | 255.255.255.0 | global | 02:7d:29:b6:4b:3c |
[   34.254833] cloud-init[661]: ci-info: | enp0s3 | True | fe80::7d:29ff:feb6:4b3c/64 |       .       |  link  | 02:7d:29:b6:4b:3c |
[   34.260977] cloud-init[661]: ci-info: |   lo   | True |         127.0.0.1          |   255.0.0.0   |  host  |         .         |
[   34.266617] cloud-init[661]: ci-info: |   lo   | True |          ::1/128           |       .       |  host  |         .         |
[   34.272253] cloud-init[661]: ci-info: +--------+------+----------------------------+---------------+--------+-------------------+
[   34.278192] cloud-init[661]: ci-info: ++++++++++++++++++++++++++++Route IPv4 info+++++++++++++++++++++++++++++
[   34.283470] cloud-init[661]: ci-info: +-------+-------------+----------+-----------------+-----------+-------+
[   34.292154] cloud-init[661]: ci-info: | Route | Destination | Gateway  |     Genmask     | Interface | Flags |
[   34.301818] cloud-init[661]: ci-info: +-------+-------------+----------+-----------------+-----------+-------+
[   34.312123] cloud-init[661]: ci-info: |   0   |   0.0.0.0   | 10.0.2.2 |     0.0.0.0     |   enp0s3  |   UG  |
[   34.322095] cloud-init[661]: ci-info: |   1   |   10.0.2.0  | 0.0.0.0  |  255.255.255.0  |   enp0s3  |   U   |
[   34.327323] cloud-init[661]: ci-info: |   2   |   10.0.2.2  | 0.0.0.0  | 255.255.255.255 |   enp0s3  |   UH  |
[   34.373315] cloud-init[661]: ci-info: +-------+-------------+----------+-----------------+-----------+-------+
[   34.378723] cloud-init[661]: ci-info: +++++++++++++++++++Route IPv6 info+++++++++++++++++++
[   34.382979] cloud-init[661]: ci-info: +-------+-------------+---------+-----------+-------+
[   34.386778] cloud-init[661]: ci-info: | Route | Destination | Gateway | Interface | Flags |
[   34.390168] cloud-init[661]: ci-info: +-------+-------------+---------+-----------+-------+
[   34.394119] cloud-init[661]: ci-info: |   1   |  fe80::/64  |    ::   |   enp0s3  |   U   |
[   34.396466] cloud-init[661]: ci-info: |   3   |    local    |    ::   |   enp0s3  |   U   |
[   34.398924] cloud-init[661]: ci-info: |   4   |   ff00::/8  |    ::   |   enp0s3  |   U   |
[   34.402001] cloud-init[661]: ci-info: +-------+-------------+---------+-----------+-------+
[[0;32m  OK  [0m] Started Initial cloud-init job (metadata service crawler).
[[0;32m  OK  [0m] Reached target Network is Online.
[[0;32m  OK  [0m] Reached target Remote File Systems (Pre).
[[0;32m  OK  [0m] Reached target Remote File Systems.
         Starting Availability of block devices...
[[0;32m  OK  [0m] Reached target System Initialization.
         Starting Socket activation for snappy daemon.
[[0;32m  OK  [0m] Started Discard unused blocks once a week.
[[0;32m  OK  [0m] Started Daily Cleanup of Temporary Directories.
[[0;32m  OK  [0m] Started Message of the Day.
[[0;32m  OK  [0m] Listening on UUID daemon activation socket.
[[0;32m  OK  [0m] Listening on Open-iSCSI iscsid Socket.
         Starting LXD - unix socket.
[[0;32m  OK  [0m] Listening on ACPID Listen Socket.
[[0;32m  OK  [0m] Started ACPI Events Check.
[[0;32m  OK  [0m] Reached target Paths.
[[0;32m  OK  [0m] Listening on D-Bus System Message Bus Socket.
[[0;32m  OK  [0m] Started Daily apt download activities.
[[0;32m  OK  [0m] Started Daily apt upgrade and clean activities.
[[0;32m  OK  [0m] Reached target Timers.
[[0;32m  OK  [0m] Reached target Cloud-config availability.
[[0;32m  OK  [0m] Started Availability of block devices.
[[0;32m  OK  [0m] Listening on Socket activation for snappy daemon.
[[0;32m  OK  [0m] Listening on LXD - unix socket.
[[0;32m  OK  [0m] Reached target Sockets.
[[0;32m  OK  [0m] Reached target Basic System.
         Starting Accounts Service...
         Starting Login Service...
[[0;32m  OK  [0m] Started D-Bus System Message Bus.
[[0;32m  OK  [0m] Started Login Service.
         Starting LSB: Record successful boot for GRUB...
         Starting Virtualbox guest utils...
         Starting LSB: automatic crash report generation...
         Starting System Logging Service...
         Starting Dispatcher daemon for systemd-networkd...
         Starting PostgreSQL Cluster 12-main...
[[0;32m  OK  [0m] Started Deferred execution scheduler.
[[0;32m  OK  [0m] Started FUSE filesystem for LXC.
[[0;32m  OK  [0m] Started irqbalance daemon.
         Starting Snap Daemon...
         Starting LXD - container startup/shutdown...
         Starting Permit User Sessions...
         Starting Resets System Activity Data Collector...
         Starting OpenBSD Secure Shell server...
[[0;32m  OK  [0m] Started Regular background program processing daemon.
[[0;32m  OK  [0m] Started Unattended Upgrades Shutdown.
[[0;32m  OK  [0m] Started System Logging Service.
[[0;32m  OK  [0m] Started Permit User Sessions.
[[0;32m  OK  [0m] Started Resets System Activity Data Collector.
         Starting Authorization Manager...
         Starting Hold until boot process finishes up...
         Starting Terminate Plymouth Boot Screen...
[[0;32m  OK  [0m] Started Hold until boot process finishes up.
         Starting Set console scheme...
[[0;32m  OK  [0m] Started Serial Getty on ttyS0.
[[0;32m  OK  [0m] Started Terminate Plymouth Boot Screen.
[[0;32m  OK  [0m] Started Set console scheme.
[[0;32m  OK  [0m] Created slice system-getty.slice.
[[0;32m  OK  [0m] Started Getty on tty1.
[[0;32m  OK  [0m] Reached target Login Prompts.
[[0;32m  OK  [0m] Started LSB: automatic crash report generation.
[[0;32m  OK  [0m] Started Authorization Manager.
[[0;32m  OK  [0m] Started Accounts Service.
[[0;32m  OK  [0m] Started LSB: Record successful boot for GRUB.
[[0;32m  OK  [0m] Started Virtualbox guest utils.
[[0;32m  OK  [0m] Started Dispatcher daemon for systemd-networkd.
[[0;32m  OK  [0m] Started OpenBSD Secure Shell server.
[[0;32m  OK  [0m] Created slice User Slice of vagrant.

Ubuntu 18.04.5 LTS ubuntu-bionic ttyS0

ubuntu-bionic login: [   52.033831] cloud-init[1133]: Cloud-init v. 20.3-2-g371b392c-0ubuntu1~18.04.1 running 'modules:config' at Sun, 10 Jan 2021 14:26:23 +0000. Up 51.18 seconds.
[   54.388552] cloud-init[1363]: Cloud-init v. 20.3-2-g371b392c-0ubuntu1~18.04.1 running 'modules:final' at Sun, 10 Jan 2021 14:26:25 +0000. Up 53.83 seconds.
[   54.396679] cloud-init[1363]: Cloud-init v. 20.3-2-g371b392c-0ubuntu1~18.04.1 finished at Sun, 10 Jan 2021 14:26:26 +0000. Datasource DataSourceNoCloud [seed=/dev/sdb][dsmode=net].  Up 54.35 seconds
